// Jest Snapshot v1, https://goo.gl/fbAQLP

exports[`LoginScreen test cases should display itself correctly 1`] = `
<div
  className="container mt-5"
>
  <h1>
    Login
  </h1>
  <hr />
  <button
    className="btn btn-outline-primary"
    onClick={[Function]}
  >
    Log In
  </button>
</div>
`;
